EXIT:127
EXIT:127
EXIT:127
